#-----------------------------------------------------------
# Vivado v2016.4 (64-bit)
# SW Build 1733598 on Wed Dec 14 22:35:39 MST 2016
# IP Build 1731160 on Wed Dec 14 23:47:21 MST 2016
# Start of session at: Sat Feb 03 23:21:41 2018
# Process ID: 23180
# Current directory: E:/Workspace/Vivado_16.4/2018_1_31_WS2812
# Command line: vivado.exe -gui_launcher_event rodinguilauncherevent14856 E:\Workspace\Vivado_16.4\2018_1_31_WS2812\WS2812.xpr
# Log file: E:/Workspace/Vivado_16.4/2018_1_31_WS2812/vivado.log
# Journal file: E:/Workspace/Vivado_16.4/2018_1_31_WS2812\vivado.jou
#-----------------------------------------------------------
start_gui
open_project E:/Workspace/Vivado_16.4/2018_1_31_WS2812/WS2812.xpr
launch_simulation
launch_simulation
launch_simulation
source TOP_r0.tcl
run 2 ms
close_sim
launch_simulation
source TOP_r0.tcl
close_sim
set_property needs_refresh false [get_runs synth_1]
set_property needs_refresh false [get_runs impl_1]
reset_run synth_1
launch_runs synth_1 -jobs 4
wait_on_run synth_1
launch_simulation
source TOP_r0.tcl
add_wave {{/TOP_r0/clk}} {{/TOP_r0/rst_n}} {{/TOP_r0/RZ_data}} {{/TOP_r0/data_ready}} {{/TOP_r0/data_valid}} {{/TOP_r0/RGB}} {{/TOP_r0/tx_done}} 
relaunch_sim
add_wave {{/TOP_r0/RZ_Code_r0_inst1/clk}} {{/TOP_r0/RZ_Code_r0_inst1/rst_n}} {{/TOP_r0/RZ_Code_r0_inst1/data_ready}} {{/TOP_r0/RZ_Code_r0_inst1/data_end}} {{/TOP_r0/RZ_Code_r0_inst1/RGB}} {{/TOP_r0/RZ_Code_r0_inst1/RZ_data}} {{/TOP_r0/RZ_Code_r0_inst1/tx_done}} {{/TOP_r0/RZ_Code_r0_inst1/data_ready_r0}} {{/TOP_r0/RZ_Code_r0_inst1/data_ready_r1}} {{/TOP_r0/RZ_Code_r0_inst1/data_ready_pose}} {{/TOP_r0/RZ_Code_r0_inst1/step}} {{/TOP_r0/RZ_Code_r0_inst1/cnt}} {{/TOP_r0/RZ_Code_r0_inst1/tx_en}} {{/TOP_r0/RZ_Code_r0_inst1/RGB_RZ}} {{/TOP_r0/RZ_Code_r0_inst1/data_out}} 
restart
run 2 ms
close_sim
remove_files  E:/Workspace/Vivado_16.4/2018_1_31_WS2812/Design/Code/TOP_r0.v
update_compile_order -fileset sources_1
update_compile_order -fileset sim_1
remove_files  {E:/Workspace/Vivado_16.4/2018_1_31_WS2812/Design/Code/RGB_Control_r0.v E:/Workspace/Vivado_16.4/2018_1_31_WS2812/Design/Code/RZ_Code_r0.v}
update_compile_order -fileset sources_1
update_compile_order -fileset sim_1
add_files -norecurse {E:/Workspace/Vivado_16.4/2018_1_31_WS2812/Design/Code/RGB_Control_r0.v E:/Workspace/Vivado_16.4/2018_1_31_WS2812/Design/Code/RZ_Code_r0.v E:/Workspace/Vivado_16.4/2018_1_31_WS2812/Design/Code/TOP_r0.v}
update_compile_order -fileset sources_1
update_compile_order -fileset sim_1
set_property SOURCE_SET sources_1 [get_filesets sim_1]
add_files -fileset sim_1 -norecurse E:/Workspace/Vivado_16.4/2018_1_31_WS2812/TestBeach/tb_RZ.v
launch_simulation
source tb_RZ.tcl
add_wave {{/tb_RZ/TOP_r0_inst/RZ_Code_r0_inst1/clk}} {{/tb_RZ/TOP_r0_inst/RZ_Code_r0_inst1/rst_n}} {{/tb_RZ/TOP_r0_inst/RZ_Code_r0_inst1/data_ready}} {{/tb_RZ/TOP_r0_inst/RZ_Code_r0_inst1/data_end}} {{/tb_RZ/TOP_r0_inst/RZ_Code_r0_inst1/RGB}} {{/tb_RZ/TOP_r0_inst/RZ_Code_r0_inst1/RZ_data}} {{/tb_RZ/TOP_r0_inst/RZ_Code_r0_inst1/tx_done}} {{/tb_RZ/TOP_r0_inst/RZ_Code_r0_inst1/data_ready_r0}} {{/tb_RZ/TOP_r0_inst/RZ_Code_r0_inst1/data_ready_r1}} {{/tb_RZ/TOP_r0_inst/RZ_Code_r0_inst1/data_ready_pose}} {{/tb_RZ/TOP_r0_inst/RZ_Code_r0_inst1/step}} {{/tb_RZ/TOP_r0_inst/RZ_Code_r0_inst1/cnt}} {{/tb_RZ/TOP_r0_inst/RZ_Code_r0_inst1/tx_en}} {{/tb_RZ/TOP_r0_inst/RZ_Code_r0_inst1/RGB_RZ}} {{/tb_RZ/TOP_r0_inst/RZ_Code_r0_inst1/data_out}} 
restart
run 2 ms
relaunch_sim
run 2 ms
relaunch_sim
run 2 ms
relaunch_sim
run 2 ms
relaunch_sim
run 2 ms
relaunch_sim
run 2 ms
relaunch_sim
run 2 ms
relaunch_sim
run 2 ms
set_property needs_refresh false [get_runs synth_1]
set_property needs_refresh false [get_runs impl_1]
relaunch_sim
run 2 ms
close_sim
launch_simulation
launch_simulation
source tb_RZ.tcl
add_wave {{/tb_RZ/TOP_r0_inst/RZ_Code_r0_inst1/clk}} {{/tb_RZ/TOP_r0_inst/RZ_Code_r0_inst1/rst_n}} {{/tb_RZ/TOP_r0_inst/RZ_Code_r0_inst1/data_ready}} {{/tb_RZ/TOP_r0_inst/RZ_Code_r0_inst1/data_end}} {{/tb_RZ/TOP_r0_inst/RZ_Code_r0_inst1/RGB}} {{/tb_RZ/TOP_r0_inst/RZ_Code_r0_inst1/RZ_data}} {{/tb_RZ/TOP_r0_inst/RZ_Code_r0_inst1/tx_done}} {{/tb_RZ/TOP_r0_inst/RZ_Code_r0_inst1/data_ready_r0}} {{/tb_RZ/TOP_r0_inst/RZ_Code_r0_inst1/data_ready_r1}} {{/tb_RZ/TOP_r0_inst/RZ_Code_r0_inst1/data_ready_pose}} {{/tb_RZ/TOP_r0_inst/RZ_Code_r0_inst1/step}} {{/tb_RZ/TOP_r0_inst/RZ_Code_r0_inst1/cnt}} {{/tb_RZ/TOP_r0_inst/RZ_Code_r0_inst1/tx_en}} {{/tb_RZ/TOP_r0_inst/RZ_Code_r0_inst1/RGB_RZ}} 
restart
run 2 ms
relaunch_sim
run 2 ms
relaunch_sim
run 2 ms
relaunch_sim
relaunch_sim
run 2 ms
relaunch_sim
run 2 ms
add_wave {{/tb_RZ/TOP_r0_inst/RGB_Control_r0_inst0/data_ready}} {{/tb_RZ/TOP_r0_inst/RGB_Control_r0_inst0/data_valid}} 
restart
relaunch_sim
run 2 ms
run 2 ms
relaunch_sim
relaunch_sim
run 2 ms
relaunch_sim
run 2 ms
relaunch_sim
run 2 ms
run 2 ms
relaunch_sim
run 2 ms
run 2 ms
relaunch_sim
run 2 ms
relaunch_sim
run 2 ms
add_wave {{/tb_RZ/TOP_r0_inst/RGB_Control_r0_inst0/i}} {{/tb_RZ/TOP_r0_inst/RGB_Control_r0_inst0/cnt}} 
relaunch_sim
run 2 ms
relaunch_sim
run 2 ms
relaunch_sim
run 2 ms
add_wave {{/tb_RZ/TOP_r0_inst/clk}} {{/tb_RZ/TOP_r0_inst/rst_n}} {{/tb_RZ/TOP_r0_inst/RZ_data}} {{/tb_RZ/TOP_r0_inst/data_ready}} {{/tb_RZ/TOP_r0_inst/data_valid}} {{/tb_RZ/TOP_r0_inst/RGB}} {{/tb_RZ/TOP_r0_inst/tx_done}} 
remove_forces { {/tb_RZ/TOP_r0_inst/RZ_Code_r0_inst1/clk} {/tb_RZ/TOP_r0_inst/RZ_Code_r0_inst1/rst_n} {/tb_RZ/TOP_r0_inst/RZ_Code_r0_inst1/data_ready_pose} {/tb_RZ/TOP_r0_inst/RZ_Code_r0_inst1/tx_done} {/tb_RZ/TOP_r0_inst/RZ_Code_r0_inst1/cnt} {/tb_RZ/TOP_r0_inst/RZ_Code_r0_inst1/step} {/tb_RZ/TOP_r0_inst/RZ_Code_r0_inst1/data_end} {/tb_RZ/TOP_r0_inst/RZ_Code_r0_inst1/RGB} {/tb_RZ/TOP_r0_inst/RZ_Code_r0_inst1/tx_en} {/tb_RZ/TOP_r0_inst/RZ_Code_r0_inst1/RGB_RZ} {/tb_RZ/TOP_r0_inst/RZ_Code_r0_inst1/RZ_data} {/tb_RZ/TOP_r0_inst/RGB_Control_r0_inst0/data_ready} {/tb_RZ/TOP_r0_inst/RGB_Control_r0_inst0/data_valid} {/tb_RZ/TOP_r0_inst/RGB_Control_r0_inst0/i} {/tb_RZ/TOP_r0_inst/RGB_Control_r0_inst0/cnt} }
relaunch_sim
run 2 ms
close_sim
