#-----------------------------------------------------------
# Vivado v2016.4 (64-bit)
# SW Build 1733598 on Wed Dec 14 22:35:39 MST 2016
# IP Build 1731160 on Wed Dec 14 23:47:21 MST 2016
# Start of session at: Fri Mar 16 20:09:50 2018
# Process ID: 13996
# Current directory: E:/Workspace/Vivado_16.4/2018_1_31_WS2812
# Command line: vivado.exe -gui_launcher_event rodinguilauncherevent8104 E:\Workspace\Vivado_16.4\2018_1_31_WS2812\WS2812.xpr
# Log file: E:/Workspace/Vivado_16.4/2018_1_31_WS2812/vivado.log
# Journal file: E:/Workspace/Vivado_16.4/2018_1_31_WS2812\vivado.jou
#-----------------------------------------------------------
start_gui
open_project E:/Workspace/Vivado_16.4/2018_1_31_WS2812/WS2812.xpr
launch_simulation
source tb_TOP.tcl
run 2 ms
add_wave {{/tb_TOP/TOP_inst/clk}} {{/tb_TOP/TOP_inst/rst_n}} {{/tb_TOP/TOP_inst/RZ_data}} {{/tb_TOP/TOP_inst/data_ready}} {{/tb_TOP/TOP_inst/data_valid}} {{/tb_TOP/TOP_inst/RGB}} {{/tb_TOP/TOP_inst/tx_done}} 
restart
run 2 ms
add_wave {{/tb_TOP/TOP_inst/RGB_Control_inst0/clk}} {{/tb_TOP/TOP_inst/RGB_Control_inst0/rst_n}} {{/tb_TOP/TOP_inst/RGB_Control_inst0/tx_done}} {{/tb_TOP/TOP_inst/RGB_Control_inst0/data_ready}} {{/tb_TOP/TOP_inst/RGB_Control_inst0/data_valid}} {{/tb_TOP/TOP_inst/RGB_Control_inst0/RGB}} {{/tb_TOP/TOP_inst/RGB_Control_inst0/RGB_reg}} {{/tb_TOP/TOP_inst/RGB_Control_inst0/i}} {{/tb_TOP/TOP_inst/RGB_Control_inst0/cnt}} 
restart
run 2 ms
relaunch_sim
run 2 ms
close_sim
