#-----------------------------------------------------------
# Vivado v2016.4 (64-bit)
# SW Build 1733598 on Wed Dec 14 22:35:39 MST 2016
# IP Build 1731160 on Wed Dec 14 23:47:21 MST 2016
# Start of session at: Sat Feb 03 15:09:47 2018
# Process ID: 7848
# Current directory: E:/Workspace/Vivado_16.4/2018_1_31_WS2812
# Command line: vivado.exe -gui_launcher_event rodinguilauncherevent20524 E:\Workspace\Vivado_16.4\2018_1_31_WS2812\WS2812.xpr
# Log file: E:/Workspace/Vivado_16.4/2018_1_31_WS2812/vivado.log
# Journal file: E:/Workspace/Vivado_16.4/2018_1_31_WS2812\vivado.jou
#-----------------------------------------------------------
start_gui
open_project E:/Workspace/Vivado_16.4/2018_1_31_WS2812/WS2812.xpr
launch_simulation
source tb_RZ.tcl
add_wave {{/tb_RZ/TOP_inst/RZ_Code_inst1/clk}} {{/tb_RZ/TOP_inst/RZ_Code_inst1/rst_n}} {{/tb_RZ/TOP_inst/RZ_Code_inst1/RGB}} {{/tb_RZ/TOP_inst/RZ_Code_inst1/tx_en}} {{/tb_RZ/TOP_inst/RZ_Code_inst1/tx_done}} {{/tb_RZ/TOP_inst/RZ_Code_inst1/RZ_data}} {{/tb_RZ/TOP_inst/RZ_Code_inst1/cnt}} {{/tb_RZ/TOP_inst/RZ_Code_inst1/i}} {{/tb_RZ/TOP_inst/RZ_Code_inst1/symbol}} {{/tb_RZ/TOP_inst/RZ_Code_inst1/symbol_r}} {{/tb_RZ/TOP_inst/RZ_Code_inst1/RGB_RZ}} {{/tb_RZ/TOP_inst/RZ_Code_inst1/data_out}} 
run 2 ms
close_sim
remove_files  {E:/Workspace/Vivado_16.4/2018_1_31_WS2812/Design/Code/RGB_Control.v E:/Workspace/Vivado_16.4/2018_1_31_WS2812/Design/Code/RZ_Code.v}
remove_files  E:/Workspace/Vivado_16.4/2018_1_31_WS2812/Design/Code/TOP.v
update_compile_order -fileset sources_1
add_files -norecurse {E:/Workspace/Vivado_16.4/2018_1_31_WS2812/Design/Code/RGB_Control_r0.v E:/Workspace/Vivado_16.4/2018_1_31_WS2812/Design/Code/RZ_Code_r0.v E:/Workspace/Vivado_16.4/2018_1_31_WS2812/Design/Code/TOP_r0.v}
update_compile_order -fileset sources_1
